// Jest Snapshot v1, https://goo.gl/fbAQLP

exports[`Input 컴포넌트가 올바르게 렌더링되어야 합니다. 1`] = `
<div>
  <input
    class="sc-bcXHqe dsxYIO"
    value="default value"
  />
</div>
`;
